
ΓòöΓòÉΓòÉΓòÉΓòÉΓòÉΓòÉΓòÉΓòÉΓòÉΓòÉΓòÉΓòÉΓòÉΓòÉΓòÉΓòÉΓòÉΓòÉΓòÉΓòÉΓòÉΓòÉΓòÉΓòÉΓòÉΓòÉΓòÉΓòÉΓòÉΓòÉΓòÉΓòÉΓòÉΓòÉΓòÉΓòÉΓòÉΓòÉΓòÉΓòÉΓòÉΓòÉΓòÉΓòÉΓòÉΓòÉΓòÉΓòÉΓòù
Γòæ  σ▒▒Σ╕£σìçτ║º - Φ╖ƒτëîσÆîτö⌐τëîµ╡ïΦ»òσÑùΣ╗╢                Γòæ
ΓòÜΓòÉΓòÉΓòÉΓòÉΓòÉΓòÉΓòÉΓòÉΓòÉΓòÉΓòÉΓòÉΓòÉΓòÉΓòÉΓòÉΓòÉΓòÉΓòÉΓòÉΓòÉΓòÉΓòÉΓòÉΓòÉΓòÉΓòÉΓòÉΓòÉΓòÉΓòÉΓòÉΓòÉΓòÉΓòÉΓòÉΓòÉΓòÉΓòÉΓòÉΓòÉΓòÉΓòÉΓòÉΓòÉΓòÉΓòÉΓòÉΓò¥


========== µ╡ïΦ»ò1: σƒ║τíÇσìòσ╝áΦ╖ƒτëî ==========
Γ£à 1.1 µ£ëΦè▒Φë▓µù╢σÅ»Σ╗Ñσç║Σ╗╗µäÅσÉîΦè▒Φë▓σìòσ╝á
Γ£à 1.2 µ£ëΦè▒Φë▓µù╢Σ╕ìΦâ╜σç║σà╢Σ╗ûΦè▒Φë▓

========== µ╡ïΦ»ò2: σ»╣σ¡ÉΦ╖ƒτëîΦºäσêÖ ==========
Γ£à 2.1 µ£ëσ»╣σ¡Éµù╢σç║σ»╣σ¡É∩╝êσÉêµ│ò∩╝ë
Γ£à 2.2 µ£ëσ»╣σ¡Éµù╢Σ╕ìΦâ╜σç║Σ╕ñσ╝áσìòσ╝á
Γ£à 2.3 µ▓íµ£ëσ»╣σ¡Éµù╢σç║Σ╕ñσ╝áµ£ÇσñºτÜäσìòσ╝á∩╝êσÉêµ│ò∩╝ë
Γ£à 2.4 µ▓íµ£ëσ»╣σ¡Éµù╢Σ╕ìΦâ╜σç║Θ¥₧µ£ÇσñºτÜäσìòσ╝á

========== µ╡ïΦ»ò3: Σ╕╗σë»τëîΦ»åσê½ ==========
Γ£à 3.1 σñºτÄïµÿ»Σ╕╗τëî
Γ£à 3.2 σ░ÅτÄïµÿ»Σ╕╗τëî
Γ£à 3.3 Σ╕╗Φè▒Φë▓τÜäτ║ºτëîµÿ»Σ╕╗τëî
Γ£à 3.4 σë»Φè▒Φë▓τÜäτ║ºτëîΣ╣ƒµÿ»Σ╕╗τëî
Γ£à 3.5 σ╕╕Σ╕╗3µÿ»Σ╕╗τëî
Γ£à 3.6 σ╕╕Σ╕╗5µÿ»Σ╕╗τëî
Γ£à 3.7 Σ╕╗Φè▒Φë▓Kµÿ»Σ╕╗τëî
Γ£à 3.8 σë»Φè▒Φë▓KΣ╕ìµÿ»Σ╕╗τëî

========== µ╡ïΦ»ò4: σ₧½τëîΦºäσêÖ ==========
≡ƒöì σ╝ÇσºïµúÇµƒÑτö⌐τëîµÿ»σÉªΣ╝ÜΦó½σÉªσ«Ü: { playerId: 0, cardsCount: 2, cards: [ 'hearts_A', 'hearts_K' ] }
≡ƒöì τëîµò░Σ╕ìΦ╢│5σ╝á∩╝îµùáµ│òσ╜óµêÉΘí║σ¡É
≡ƒöì µúÇµ╡ïσê░τÜäΘí║σ¡É: 0 τ╗ä
≡ƒöì Θ¢¿Σ╣ïσÉÄσë⌐Σ╜Öτëîµò░: 2 σ╝á
≡ƒöì σêåµ₧Éτ╗ôµ₧£: { singles: 2, pairs: 0 }
≡ƒöì σ»╣σ¡Éµò░ΘçÅΣ╕ìΦ╢│∩╝îµùáµ│òσ╜óµêÉΦ┐₧σ»╣
≡ƒöì µúÇµ╡ïσê░τÜäΦ┐₧σ»╣: 0 τ╗ä
≡ƒöì µ£Çτ╗êτï¼τ½ïσ»╣σ¡É: 0 σ»╣
≡ƒöì Σ╕╗τëîµò░ΘçÅΣ╕ìΦ╢│4σ╝á∩╝îµùáµ│òσ╜óµêÉΘù¬/Θ£ç
≡ƒöì µúÇµ╡ïσê░τÜäΘù¬/Θ£ç: 0 τ╗ä
≡ƒöì µ£Çτ╗êτï¼τ½ïσìòσ╝á: 2 σ╝á
≡ƒöì σìòΣ╜ìσêåµ₧Éσ«îµêÉ: {
  singles: 2,
  pairs: 0,
  consecutivePairs: 0,
  straights: 0,
  flashes: 0,
  thunders: 0
}
≡ƒöì µúÇµƒÑ singles: 2 Σ╕¬σìòΣ╜ì
≡ƒöì µ£Çσ░ÅσìòΣ╜ì (singles): [ 'hearts_K' ]
≡ƒöì µúÇµƒÑτÄ⌐σ«╢τÄ⌐σ«╢1µÿ»σÉªΦâ╜σÄïΦ┐ç singles: [ 'hearts_K' ]
  ≡ƒöì σìòσ╝áτëîσÇ╝: 913 (hearts_K), Σ╕╗τëî: false
  Γ¥î µ▓íµ£ëµ¢┤σñºτÜäσìòσ╝á
≡ƒöì µúÇµƒÑτÄ⌐σ«╢τÄ⌐σ«╢2µÿ»σÉªΦâ╜σÄïΦ┐ç singles: [ 'hearts_K' ]
  ≡ƒöì σìòσ╝áτëîσÇ╝: 913 (hearts_K), Σ╕╗τëî: false
  Γ¥î µ▓íµ£ëµ¢┤σñºτÜäσìòσ╝á
≡ƒöì µúÇµƒÑτÄ⌐σ«╢τÄ⌐σ«╢3µÿ»σÉªΦâ╜σÄïΦ┐ç singles: [ 'hearts_K' ]
  ≡ƒöì σìòσ╝áτëîσÇ╝: 913 (hearts_K), Σ╕╗τëî: false
  Γ¥î µ▓íµ£ëµ¢┤σñºτÜäσìòσ╝á
Γ£à singles Σ╕ìΣ╝ÜΦó½σÉªσ«Ü
Γ£à τö⌐τëîµêÉσèƒ∩╝îµëÇµ£ëσìòΣ╜ìΘâ╜Σ╕ìΣ╝ÜΦó½σÉªσ«Ü
Γ£à 4.1 τëîµò░Σ╕ìσñƒµù╢σàüΦ«╕σ₧½τëî∩╝êµ╖╖σÉêΦè▒Φë▓∩╝ë
Γ£à 4.2 µ▓íµ£ëΦ»ÑΦè▒Φë▓µù╢σÅ»Σ╗Ñσç║Σ╗╗µäÅτëî

========== µ╡ïΦ»ò5: Σ╕╗τëîΦ╖ƒσë»τëî ==========
Γ£à 5.1 Θóåσç║σë»τëîµù╢Σ╕ìΦâ╜τö¿Σ╕╗τëîΦ╖ƒ∩╝êµ£ëσë»τëîµù╢∩╝ë
Γ£à 5.2 Θóåσç║σë»τëîµù╢Σ╕ìΦâ╜σç║σ╕╕Σ╕╗
Γ£à 5.3 Θóåσç║σë»τëîµù╢σ┐àΘí╗Φ╖ƒσë»τëî

========== µ╡ïΦ»ò6: σë»τëîΘóåτëî∩╝îΣ╕╗µ¥Ç ==========
Γ£à 6.1 µ▓íµ£ëσë»τëîµù╢σÅ»Σ╗Ñτö¿Σ╕╗τëîµ¥Ç

========== µ╡ïΦ»ò7: Φ┐₧σ»╣Φ╖ƒτëî ==========
≡ƒöì Φ┐₧σ»╣Φ»åσê½ - Φ╛ôσàÑτëî: hearts_K, hearts_K, hearts_Q, hearts_Q
≡ƒöì σêåτ╗äτ╗ôµ₧£: K: 2σ╝á, Q: 2σ╝á
Γ£à σ»╣σ¡É: K, Φ┐₧τ╗¡σÇ╝: 109, Σ╕╗τëî: false
Γ£à σ»╣σ¡É: Q, Φ┐₧τ╗¡σÇ╝: 108, Σ╕╗τëî: false
≡ƒöì µÄÆσ║ÅσÉÄτÜäσ»╣σ¡É: Q(108) ΓåÆ K(109)
≡ƒöì Φ┐₧τ╗¡µÇºµúÇµƒÑ: Q(108) ΓåÆ K(109), σ╖«σÇ╝: 1
Γ£à Φ┐₧σ»╣Φ»åσê½µêÉσèƒ!
≡ƒöì Φ┐₧σ»╣Φ»åσê½ - Φ╛ôσàÑτëî: hearts_J, hearts_J, hearts_10, hearts_10
≡ƒöì σêåτ╗äτ╗ôµ₧£: 10: 2σ╝á, J: 2σ╝á
Γ£à σ»╣σ¡É: 10, Φ┐₧τ╗¡σÇ╝: 106, Σ╕╗τëî: false
Γ£à σ»╣σ¡É: J, Φ┐₧τ╗¡σÇ╝: 107, Σ╕╗τëî: false
≡ƒöì µÄÆσ║ÅσÉÄτÜäσ»╣σ¡É: 10(106) ΓåÆ J(107)
≡ƒöì Φ┐₧τ╗¡µÇºµúÇµƒÑ: 10(106) ΓåÆ J(107), σ╖«σÇ╝: 1
Γ£à Φ┐₧σ»╣Φ»åσê½µêÉσèƒ!
≡ƒöì Φ┐₧σ»╣Φ»åσê½ - Φ╛ôσàÑτëî: hearts_J, hearts_J, hearts_10, hearts_10
≡ƒöì σêåτ╗äτ╗ôµ₧£: 10: 2σ╝á, J: 2σ╝á
Γ£à σ»╣σ¡É: 10, Φ┐₧τ╗¡σÇ╝: 106, Σ╕╗τëî: false
Γ£à σ»╣σ¡É: J, Φ┐₧τ╗¡σÇ╝: 107, Σ╕╗τëî: false
≡ƒöì µÄÆσ║ÅσÉÄτÜäσ»╣σ¡É: 10(106) ΓåÆ J(107)
≡ƒöì Φ┐₧τ╗¡µÇºµúÇµƒÑ: 10(106) ΓåÆ J(107), σ╖«σÇ╝: 1
Γ£à Φ┐₧σ»╣Φ»åσê½µêÉσèƒ!
Γ£à 7.1 µ£ëΦ┐₧σ»╣µù╢σç║Φ┐₧σ»╣∩╝êσÉêµ│ò∩╝ë
≡ƒöì Φ┐₧σ»╣Φ»åσê½ - Φ╛ôσàÑτëî: hearts_J, hearts_J, hearts_9, hearts_8
≡ƒöì σêåτ╗äτ╗ôµ₧£: 8: 1σ╝á, 9: 1σ╝á, J: 2σ╝á
Γ¥î Φ┐₧σ»╣Φ»åσê½σñ▒Φ┤Ñ - 8µ£ë1σ╝áτëî∩╝îΣ╕ìµÿ»σ»╣σ¡É
Γ£à 7.2 µ£ë1σ»╣Σ╜åΘ£ÇΦªü2σ»╣µù╢∩╝îσç║1σ»╣+2σ╝áµ£Çσñºσìòσ╝á∩╝êσÉêµ│ò∩╝ë
≡ƒöì Φ┐₧σ»╣Φ»åσê½ - Φ╛ôσàÑτëî: hearts_A, hearts_K, hearts_J, hearts_9
≡ƒöì σêåτ╗äτ╗ôµ₧£: 9: 1σ╝á, A: 1σ╝á, K: 1σ╝á, J: 1σ╝á
Γ¥î Φ┐₧σ»╣Φ»åσê½σñ▒Φ┤Ñ - 9µ£ë1σ╝áτëî∩╝îΣ╕ìµÿ»σ»╣σ¡É
Γ£à 7.3 µ▓íµ£ëσ»╣σ¡Éµù╢σç║4σ╝áµ£Çσñºσìòσ╝á∩╝êσÉêµ│ò∩╝ë

========== µ╡ïΦ»ò8: τö⌐τëîΘ¬îΦ»ü ==========
≡ƒöì σ╝ÇσºïµúÇµƒÑτö⌐τëîµÿ»σÉªΣ╝ÜΦó½σÉªσ«Ü: {
  playerId: 0,
  cardsCount: 3,
  cards: [ 'hearts_A', 'hearts_K', 'hearts_Q' ]
}
≡ƒöì τëîµò░Σ╕ìΦ╢│5σ╝á∩╝îµùáµ│òσ╜óµêÉΘí║σ¡É
≡ƒöì µúÇµ╡ïσê░τÜäΘí║σ¡É: 0 τ╗ä
≡ƒöì Θ¢¿Σ╣ïσÉÄσë⌐Σ╜Öτëîµò░: 3 σ╝á
≡ƒöì σêåµ₧Éτ╗ôµ₧£: { singles: 3, pairs: 0 }
≡ƒöì σ»╣σ¡Éµò░ΘçÅΣ╕ìΦ╢│∩╝îµùáµ│òσ╜óµêÉΦ┐₧σ»╣
≡ƒöì µúÇµ╡ïσê░τÜäΦ┐₧σ»╣: 0 τ╗ä
≡ƒöì µ£Çτ╗êτï¼τ½ïσ»╣σ¡É: 0 σ»╣
≡ƒöì Σ╕╗τëîµò░ΘçÅΣ╕ìΦ╢│4σ╝á∩╝îµùáµ│òσ╜óµêÉΘù¬/Θ£ç
≡ƒöì µúÇµ╡ïσê░τÜäΘù¬/Θ£ç: 0 τ╗ä
≡ƒöì µ£Çτ╗êτï¼τ½ïσìòσ╝á: 3 σ╝á
≡ƒöì σìòΣ╜ìσêåµ₧Éσ«îµêÉ: {
  singles: 3,
  pairs: 0,
  consecutivePairs: 0,
  straights: 0,
  flashes: 0,
  thunders: 0
}
≡ƒöì µúÇµƒÑ singles: 3 Σ╕¬σìòΣ╜ì
≡ƒöì µ£Çσ░ÅσìòΣ╜ì (singles): [ 'hearts_Q' ]
≡ƒöì µúÇµƒÑτÄ⌐σ«╢τÄ⌐σ«╢1µÿ»σÉªΦâ╜σÄïΦ┐ç singles: [ 'hearts_Q' ]
  ≡ƒöì σìòσ╝áτëîσÇ╝: 912 (hearts_Q), Σ╕╗τëî: false
  Γ¥î µ▓íµ£ëµ¢┤σñºτÜäσìòσ╝á
≡ƒöì µúÇµƒÑτÄ⌐σ«╢τÄ⌐σ«╢2µÿ»σÉªΦâ╜σÄïΦ┐ç singles: [ 'hearts_Q' ]
  ≡ƒöì σìòσ╝áτëîσÇ╝: 912 (hearts_Q), Σ╕╗τëî: false
  Γ¥î µ▓íµ£ëµ¢┤σñºτÜäσìòσ╝á
≡ƒöì µúÇµƒÑτÄ⌐σ«╢τÄ⌐σ«╢3µÿ»σÉªΦâ╜σÄïΦ┐ç singles: [ 'hearts_Q' ]
  ≡ƒöì σìòσ╝áτëîσÇ╝: 912 (hearts_Q), Σ╕╗τëî: false
  Γ¥î µ▓íµ£ëµ¢┤σñºτÜäσìòσ╝á
Γ£à singles Σ╕ìΣ╝ÜΦó½σÉªσ«Ü
Γ£à τö⌐τëîµêÉσèƒ∩╝îµëÇµ£ëσìòΣ╜ìΘâ╜Σ╕ìΣ╝ÜΦó½σÉªσ«Ü
Γ£à 8.1 τö⌐τëîµêÉσèƒ∩╝êσà╢Σ╗ûτÄ⌐σ«╢µ▓íµ£ëµ¢┤σñºτÜäτëî∩╝ë
≡ƒöì σ╝ÇσºïµúÇµƒÑτö⌐τëîµÿ»σÉªΣ╝ÜΦó½σÉªσ«Ü: {
  playerId: 0,
  cardsCount: 3,
  cards: [ 'hearts_K', 'hearts_Q', 'hearts_J' ]
}
≡ƒöì τëîµò░Σ╕ìΦ╢│5σ╝á∩╝îµùáµ│òσ╜óµêÉΘí║σ¡É
≡ƒöì µúÇµ╡ïσê░τÜäΘí║σ¡É: 0 τ╗ä
≡ƒöì Θ¢¿Σ╣ïσÉÄσë⌐Σ╜Öτëîµò░: 3 σ╝á
≡ƒöì σêåµ₧Éτ╗ôµ₧£: { singles: 3, pairs: 0 }
≡ƒöì σ»╣σ¡Éµò░ΘçÅΣ╕ìΦ╢│∩╝îµùáµ│òσ╜óµêÉΦ┐₧σ»╣
≡ƒöì µúÇµ╡ïσê░τÜäΦ┐₧σ»╣: 0 τ╗ä
≡ƒöì µ£Çτ╗êτï¼τ½ïσ»╣σ¡É: 0 σ»╣
≡ƒöì Σ╕╗τëîµò░ΘçÅΣ╕ìΦ╢│4σ╝á∩╝îµùáµ│òσ╜óµêÉΘù¬/Θ£ç
≡ƒöì µúÇµ╡ïσê░τÜäΘù¬/Θ£ç: 0 τ╗ä
≡ƒöì µ£Çτ╗êτï¼τ½ïσìòσ╝á: 3 σ╝á
≡ƒöì σìòΣ╜ìσêåµ₧Éσ«îµêÉ: {
  singles: 3,
  pairs: 0,
  consecutivePairs: 0,
  straights: 0,
  flashes: 0,
  thunders: 0
}
≡ƒöì µúÇµƒÑ singles: 3 Σ╕¬σìòΣ╜ì
≡ƒöì µ£Çσ░ÅσìòΣ╜ì (singles): [ 'hearts_J' ]
≡ƒöì µúÇµƒÑτÄ⌐σ«╢τÄ⌐σ«╢1µÿ»σÉªΦâ╜σÄïΦ┐ç singles: [ 'hearts_J' ]
  ≡ƒöì σìòσ╝áτëîσÇ╝: 911 (hearts_J), Σ╕╗τëî: false
  Γ¥î µ▓íµ£ëµ¢┤σñºτÜäσìòσ╝á
≡ƒöì µúÇµƒÑτÄ⌐σ«╢τÄ⌐σ«╢2µÿ»σÉªΦâ╜σÄïΦ┐ç singles: [ 'hearts_J' ]
  ≡ƒöì σìòσ╝áτëîσÇ╝: 911 (hearts_J), Σ╕╗τëî: false
  Γ£à µë╛σê░µ¢┤σñºτÜäσìòσ╝á: hearts_A (914 > 911)
Γ¥î singles Φó½σÉªσ«Ü∩╝îσ╝║σê╢σç║µ£Çσ░ÅσìòΣ╜ì
Γ£à 8.2 τö⌐τëîΦó½σÉªσ«Ü∩╝êµ£ëτÄ⌐σ«╢µ£ëµ¢┤σñºτÜäσìòσ╝á∩╝ë

========== µ╡ïΦ»ò9: τö⌐τëîΦ╖ƒτëîΦºäσêÖ ==========
≡ƒöì σ╝ÇσºïµúÇµƒÑτö⌐τëîµÿ»σÉªΣ╝ÜΦó½σÉªσ«Ü: {
  playerId: 0,
  cardsCount: 3,
  cards: [ 'hearts_A', 'hearts_A', 'hearts_K' ]
}
≡ƒöì τëîµò░Σ╕ìΦ╢│5σ╝á∩╝îµùáµ│òσ╜óµêÉΘí║σ¡É
≡ƒöì µúÇµ╡ïσê░τÜäΘí║σ¡É: 0 τ╗ä
≡ƒöì Θ¢¿Σ╣ïσÉÄσë⌐Σ╜Öτëîµò░: 3 σ╝á
≡ƒöì σêåµ₧Éτ╗ôµ₧£: { singles: 1, pairs: 1 }
≡ƒöì σ»╣σ¡Éµò░ΘçÅΣ╕ìΦ╢│∩╝îµùáµ│òσ╜óµêÉΦ┐₧σ»╣
≡ƒöì µúÇµ╡ïσê░τÜäΦ┐₧σ»╣: 0 τ╗ä
≡ƒöì µ£Çτ╗êτï¼τ½ïσ»╣σ¡É: 1 σ»╣
≡ƒöì Σ╕╗τëîµò░ΘçÅΣ╕ìΦ╢│4σ╝á∩╝îµùáµ│òσ╜óµêÉΘù¬/Θ£ç
≡ƒöì µúÇµ╡ïσê░τÜäΘù¬/Θ£ç: 0 τ╗ä
≡ƒöì µ£Çτ╗êτï¼τ½ïσìòσ╝á: 1 σ╝á
≡ƒöì σìòΣ╜ìσêåµ₧Éσ«îµêÉ: {
  singles: 1,
  pairs: 1,
  consecutivePairs: 0,
  straights: 0,
  flashes: 0,
  thunders: 0
}
≡ƒöì µúÇµƒÑ pairs: 1 Σ╕¬σìòΣ╜ì
≡ƒöì µ£Çσ░ÅσìòΣ╜ì (pairs): [ 'hearts_A', 'hearts_A' ]
≡ƒöì µúÇµƒÑτÄ⌐σ«╢τÄ⌐σ«╢1µÿ»σÉªΦâ╜σÄïΦ┐ç pairs: [ 'hearts_A', 'hearts_A' ]
  ≡ƒöì σ»╣σ¡ÉτëîσÇ╝: 914 (hearts_A), Σ╕╗τëî: false
  ≡ƒöì τÄ⌐σ«╢µ£ë1Σ╕¬σ»╣σ¡É
  ≡ƒöì µúÇµƒÑσ»╣σ¡É: hearts_Q, τëîσÇ╝: 912, Σ╕╗τëî: false
  Γ¥î µ▓íµ£ëµ¢┤σñºτÜäσ»╣σ¡É
≡ƒöì µúÇµƒÑτÄ⌐σ«╢τÄ⌐σ«╢2µÿ»σÉªΦâ╜σÄïΦ┐ç pairs: [ 'hearts_A', 'hearts_A' ]
  ≡ƒöì σ»╣σ¡ÉτëîσÇ╝: 914 (hearts_A), Σ╕╗τëî: false
  ≡ƒöì τÄ⌐σ«╢µ£ë0Σ╕¬σ»╣σ¡É
  Γ¥î µ▓íµ£ëµ¢┤σñºτÜäσ»╣σ¡É
≡ƒöì µúÇµƒÑτÄ⌐σ«╢τÄ⌐σ«╢3µÿ»σÉªΦâ╜σÄïΦ┐ç pairs: [ 'hearts_A', 'hearts_A' ]
  ≡ƒöì σ»╣σ¡ÉτëîσÇ╝: 914 (hearts_A), Σ╕╗τëî: false
  ≡ƒöì τÄ⌐σ«╢µ£ë0Σ╕¬σ»╣σ¡É
  Γ¥î µ▓íµ£ëµ¢┤σñºτÜäσ»╣σ¡É
Γ£à pairs Σ╕ìΣ╝ÜΦó½σÉªσ«Ü
≡ƒöì µúÇµƒÑ singles: 1 Σ╕¬σìòΣ╜ì
≡ƒöì µ£Çσ░ÅσìòΣ╜ì (singles): [ 'hearts_K' ]
≡ƒöì µúÇµƒÑτÄ⌐σ«╢τÄ⌐σ«╢1µÿ»σÉªΦâ╜σÄïΦ┐ç singles: [ 'hearts_K' ]
  ≡ƒöì σìòσ╝áτëîσÇ╝: 913 (hearts_K), Σ╕╗τëî: false
  Γ¥î µ▓íµ£ëµ¢┤σñºτÜäσìòσ╝á
≡ƒöì µúÇµƒÑτÄ⌐σ«╢τÄ⌐σ«╢2µÿ»σÉªΦâ╜σÄïΦ┐ç singles: [ 'hearts_K' ]
  ≡ƒöì σìòσ╝áτëîσÇ╝: 913 (hearts_K), Σ╕╗τëî: false
  Γ¥î µ▓íµ£ëµ¢┤σñºτÜäσìòσ╝á
≡ƒöì µúÇµƒÑτÄ⌐σ«╢τÄ⌐σ«╢3µÿ»σÉªΦâ╜σÄïΦ┐ç singles: [ 'hearts_K' ]
  ≡ƒöì σìòσ╝áτëîσÇ╝: 913 (hearts_K), Σ╕╗τëî: false
  Γ¥î µ▓íµ£ëµ¢┤σñºτÜäσìòσ╝á
Γ£à singles Σ╕ìΣ╝ÜΦó½σÉªσ«Ü
Γ£à τö⌐τëîµêÉσèƒ∩╝îµëÇµ£ëσìòΣ╜ìΘâ╜Σ╕ìΣ╝ÜΦó½σÉªσ«Ü
  Θóåτëîτ╗ôµ₧£: {
  success: true,
  cardType: {
    type: 'mixed',
    name: 'τö⌐τëî',
    cards: [ [Card], [Card], [Card] ],
    message: '3σ╝áτö⌐τëî'
  },
  message: undefined
}
≡ƒöì buildMandatoryMixedCombo Φ░âΦ»ò:
  Θªûσ«╢σêåµ₧É: {
  pairs: 1,
  singles: 1,
  capabilities: { consecutivePairsPairs: 1, straightCount: 0, flashThunderCount: 0 }
}
  Φ╖ƒτëîΦÇàσêåµ₧É: {
  pairs: 1,
  singles: 2,
  capabilities: { consecutivePairsPairs: 1, straightCount: 0, flashThunderCount: 0 }
}
  Φ«íτ«ùτ╗ôµ₧£: {
  requiredPairs: 1,
  requiredSingles: 1,
  deficitConsecPairs: 0,
  missingPairs: 0,
  singlesNeededForPairs: 0,
  totalMustSingles: 0,
  mandatoryCombo: {
    pairs: 1,
    singlesForPairs: 0,
    singlesFlexibleCount: 1,
    description: '1σ»╣ + 1σ╝áΣ╗╗µäÅσìòσ╝á'
  }
}
Γ£à 9.1 Φ╖ƒτö⌐τëî∩╝êσ»╣+σìò∩╝ëµù╢σç║σ»╣+σìò∩╝êσÉêµ│ò∩╝ë

========== µ╡ïΦ»ò10: Φ┐₧σ»╣Φ╖ƒτëîΦ»ªτ╗åΦºäσêÖ ==========

  σ£║µÖ»1: µ£ëΣ╕ëΦüöσ»╣µù╢σ┐àΘí╗σç║Σ╕ëΦüöσ»╣
≡ƒöì Φ┐₧σ»╣Φ»åσê½ - Φ╛ôσàÑτëî: spades_A, spades_A, spades_K, spades_K, spades_Q, spades_Q
≡ƒöì σêåτ╗äτ╗ôµ₧£: A: 2σ╝á, K: 2σ╝á, Q: 2σ╝á
Γ£à σ»╣σ¡É: A, Φ┐₧τ╗¡σÇ╝: 110, Σ╕╗τëî: false
Γ£à σ»╣σ¡É: K, Φ┐₧τ╗¡σÇ╝: 109, Σ╕╗τëî: false
Γ£à σ»╣σ¡É: Q, Φ┐₧τ╗¡σÇ╝: 108, Σ╕╗τëî: false
≡ƒöì µÄÆσ║ÅσÉÄτÜäσ»╣σ¡É: Q(108) ΓåÆ K(109) ΓåÆ A(110)
≡ƒöì Φ┐₧τ╗¡µÇºµúÇµƒÑ: Q(108) ΓåÆ K(109), σ╖«σÇ╝: 1
≡ƒöì Φ┐₧τ╗¡µÇºµúÇµƒÑ: K(109) ΓåÆ A(110), σ╖«σÇ╝: 1
Γ£à Φ┐₧σ»╣Φ»åσê½µêÉσèƒ!
≡ƒöì Φ┐₧σ»╣Φ»åσê½ - Φ╛ôσàÑτëî: spades_J, spades_J, spades_Q, spades_Q, spades_10, spades_10
≡ƒöì σêåτ╗äτ╗ôµ₧£: 10: 2σ╝á, J: 2σ╝á, Q: 2σ╝á
Γ£à σ»╣σ¡É: 10, Φ┐₧τ╗¡σÇ╝: 106, Σ╕╗τëî: false
Γ£à σ»╣σ¡É: J, Φ┐₧τ╗¡σÇ╝: 107, Σ╕╗τëî: false
Γ£à σ»╣σ¡É: Q, Φ┐₧τ╗¡σÇ╝: 108, Σ╕╗τëî: false
≡ƒöì µÄÆσ║ÅσÉÄτÜäσ»╣σ¡É: 10(106) ΓåÆ J(107) ΓåÆ Q(108)
≡ƒöì Φ┐₧τ╗¡µÇºµúÇµƒÑ: 10(106) ΓåÆ J(107), σ╖«σÇ╝: 1
≡ƒöì Φ┐₧τ╗¡µÇºµúÇµƒÑ: J(107) ΓåÆ Q(108), σ╖«σÇ╝: 1
Γ£à Φ┐₧σ»╣Φ»åσê½µêÉσèƒ!
≡ƒöì Φ┐₧σ»╣Φ»åσê½ - Φ╛ôσàÑτëî: spades_J, spades_J, spades_Q, spades_Q, spades_10, spades_10
≡ƒöì σêåτ╗äτ╗ôµ₧£: 10: 2σ╝á, J: 2σ╝á, Q: 2σ╝á
Γ£à σ»╣σ¡É: 10, Φ┐₧τ╗¡σÇ╝: 106, Σ╕╗τëî: false
Γ£à σ»╣σ¡É: J, Φ┐₧τ╗¡σÇ╝: 107, Σ╕╗τëî: false
Γ£à σ»╣σ¡É: Q, Φ┐₧τ╗¡σÇ╝: 108, Σ╕╗τëî: false
≡ƒöì µÄÆσ║ÅσÉÄτÜäσ»╣σ¡É: 10(106) ΓåÆ J(107) ΓåÆ Q(108)
≡ƒöì Φ┐₧τ╗¡µÇºµúÇµƒÑ: 10(106) ΓåÆ J(107), σ╖«σÇ╝: 1
≡ƒöì Φ┐₧τ╗¡µÇºµúÇµƒÑ: J(107) ΓåÆ Q(108), σ╖«σÇ╝: 1
Γ£à Φ┐₧σ»╣Φ»åσê½µêÉσèƒ!
Γ£à 10.1 µ£ëΣ╕ëΦüöσ»╣µù╢σ┐àΘí╗σç║Σ╕ëΦüöσ»╣∩╝êσÉêµ│ò∩╝ë

  σ£║µÖ»2: µ£ëσñÜΣ╕¬Σ╕ëΦüöσ»╣µù╢σÅ»Σ╗ÑΣ╗╗µäÅµîæΘÇëΣ╕ÇΣ╕¬
≡ƒöì Φ┐₧σ»╣Φ»åσê½ - Φ╛ôσàÑτëî: spades_9, spades_9, spades_8, spades_8, spades_7, spades_7
≡ƒöì σêåτ╗äτ╗ôµ₧£: 7: 2σ╝á, 8: 2σ╝á, 9: 2σ╝á
Γ£à σ»╣σ¡É: 7, Φ┐₧τ╗¡σÇ╝: 103, Σ╕╗τëî: false
Γ£à σ»╣σ¡É: 8, Φ┐₧τ╗¡σÇ╝: 104, Σ╕╗τëî: false
Γ£à σ»╣σ¡É: 9, Φ┐₧τ╗¡σÇ╝: 105, Σ╕╗τëî: false
≡ƒöì µÄÆσ║ÅσÉÄτÜäσ»╣σ¡É: 7(103) ΓåÆ 8(104) ΓåÆ 9(105)
≡ƒöì Φ┐₧τ╗¡µÇºµúÇµƒÑ: 7(103) ΓåÆ 8(104), σ╖«σÇ╝: 1
≡ƒöì Φ┐₧τ╗¡µÇºµúÇµƒÑ: 8(104) ΓåÆ 9(105), σ╖«σÇ╝: 1
Γ£à Φ┐₧σ»╣Φ»åσê½µêÉσèƒ!
≡ƒöì Φ┐₧σ»╣Φ»åσê½ - Φ╛ôσàÑτëî: spades_9, spades_9, spades_8, spades_8, spades_7, spades_7
≡ƒöì σêåτ╗äτ╗ôµ₧£: 7: 2σ╝á, 8: 2σ╝á, 9: 2σ╝á
Γ£à σ»╣σ¡É: 7, Φ┐₧τ╗¡σÇ╝: 103, Σ╕╗τëî: false
Γ£à σ»╣σ¡É: 8, Φ┐₧τ╗¡σÇ╝: 104, Σ╕╗τëî: false
Γ£à σ»╣σ¡É: 9, Φ┐₧τ╗¡σÇ╝: 105, Σ╕╗τëî: false
≡ƒöì µÄÆσ║ÅσÉÄτÜäσ»╣σ¡É: 7(103) ΓåÆ 8(104) ΓåÆ 9(105)
≡ƒöì Φ┐₧τ╗¡µÇºµúÇµƒÑ: 7(103) ΓåÆ 8(104), σ╖«σÇ╝: 1
≡ƒöì Φ┐₧τ╗¡µÇºµúÇµƒÑ: 8(104) ΓåÆ 9(105), σ╖«σÇ╝: 1
Γ£à Φ┐₧σ»╣Φ»åσê½µêÉσèƒ!
Γ£à 10.2 µ£ëσñÜΣ╕¬Σ╕ëΦüöσ»╣µù╢σÅ»Σ╗ÑΘÇëµï⌐Σ╗╗µäÅΣ╕ÇΣ╕¬Σ╕ëΦüöσ»╣∩╝êσÉêµ│ò∩╝ë

  σ£║µÖ»3: µ£ëΣ╕ñΦüöσ»╣+Θó¥σñûσ»╣σ¡Éµù╢∩╝îσ┐àΘí╗σç║Σ╕ñΦüöσ»╣+σ»╣σ¡É
≡ƒöì Φ┐₧σ»╣Φ»åσê½ - Φ╛ôσàÑτëî: spades_J, spades_J, spades_Q, spades_Q, spades_8, spades_8
≡ƒöì σêåτ╗äτ╗ôµ₧£: 8: 2σ╝á, J: 2σ╝á, Q: 2σ╝á
Γ£à σ»╣σ¡É: 8, Φ┐₧τ╗¡σÇ╝: 104, Σ╕╗τëî: false
Γ£à σ»╣σ¡É: J, Φ┐₧τ╗¡σÇ╝: 107, Σ╕╗τëî: false
Γ£à σ»╣σ¡É: Q, Φ┐₧τ╗¡σÇ╝: 108, Σ╕╗τëî: false
≡ƒöì µÄÆσ║ÅσÉÄτÜäσ»╣σ¡É: 8(104) ΓåÆ J(107) ΓåÆ Q(108)
≡ƒöì Φ┐₧τ╗¡µÇºµúÇµƒÑ: 8(104) ΓåÆ J(107), σ╖«σÇ╝: 3
Γ¥î Φ┐₧σ»╣Φ»åσê½σñ▒Φ┤Ñ - τëîσÇ╝Σ╕ìΦ┐₧τ╗¡: σ╖«σÇ╝3
Γ£à 10.3 µ£ëΣ╕ñΦüöσ»╣+Θó¥σñûσ»╣σ¡Éµù╢∩╝îσç║Σ╕ñΦüöσ»╣+σ»╣σ¡É∩╝êJJQQ88∩╝îσÉêµ│ò∩╝ë
≡ƒöì Φ┐₧σ»╣Φ»åσê½ - Φ╛ôσàÑτëî: spades_J, spades_J, spades_Q, spades_Q, spades_7, spades_7
≡ƒöì σêåτ╗äτ╗ôµ₧£: 7: 2σ╝á, J: 2σ╝á, Q: 2σ╝á
Γ£à σ»╣σ¡É: 7, Φ┐₧τ╗¡σÇ╝: 103, Σ╕╗τëî: false
Γ£à σ»╣σ¡É: J, Φ┐₧τ╗¡σÇ╝: 107, Σ╕╗τëî: false
Γ£à σ»╣σ¡É: Q, Φ┐₧τ╗¡σÇ╝: 108, Σ╕╗τëî: false
≡ƒöì µÄÆσ║ÅσÉÄτÜäσ»╣σ¡É: 7(103) ΓåÆ J(107) ΓåÆ Q(108)
≡ƒöì Φ┐₧τ╗¡µÇºµúÇµƒÑ: 7(103) ΓåÆ J(107), σ╖«σÇ╝: 4
Γ¥î Φ┐₧σ»╣Φ»åσê½σñ▒Φ┤Ñ - τëîσÇ╝Σ╕ìΦ┐₧τ╗¡: σ╖«σÇ╝4
Γ£à 10.4 µ£ëΣ╕ñΦüöσ»╣+Θó¥σñûσ»╣σ¡Éµù╢∩╝îσç║Σ╕ñΦüöσ»╣+σ»╣σ¡É∩╝êJJQQ77∩╝îσÉêµ│ò∩╝ë
≡ƒöì Φ┐₧σ»╣Φ»åσê½ - Φ╛ôσàÑτëî: spades_Q, spades_Q, spades_8, spades_8, spades_7, spades_7
≡ƒöì σêåτ╗äτ╗ôµ₧£: 7: 2σ╝á, 8: 2σ╝á, Q: 2σ╝á
Γ£à σ»╣σ¡É: 7, Φ┐₧τ╗¡σÇ╝: 103, Σ╕╗τëî: false
Γ£à σ»╣σ¡É: 8, Φ┐₧τ╗¡σÇ╝: 104, Σ╕╗τëî: false
Γ£à σ»╣σ¡É: Q, Φ┐₧τ╗¡σÇ╝: 108, Σ╕╗τëî: false
≡ƒöì µÄÆσ║ÅσÉÄτÜäσ»╣σ¡É: 7(103) ΓåÆ 8(104) ΓåÆ Q(108)
≡ƒöì Φ┐₧τ╗¡µÇºµúÇµƒÑ: 7(103) ΓåÆ 8(104), σ╖«σÇ╝: 1
≡ƒöì Φ┐₧τ╗¡µÇºµúÇµƒÑ: 8(104) ΓåÆ Q(108), σ╖«σÇ╝: 4
Γ¥î Φ┐₧σ»╣Φ»åσê½σñ▒Φ┤Ñ - τëîσÇ╝Σ╕ìΦ┐₧τ╗¡: σ╖«σÇ╝4
Γ£à 10.5 µ£ëΣ╕ñΦüöσ»╣+Θó¥σñûσ»╣σ¡Éµù╢∩╝îσç║σÅªΣ╕ÇΣ╕¬Σ╕ñΦüöσ»╣+σ»╣σ¡É∩╝êQQ8877∩╝îσÉêµ│ò∩╝ë
≡ƒöì Φ┐₧σ»╣Φ»åσê½ - Φ╛ôσàÑτëî: spades_8, spades_8, spades_7, spades_7, spades_6, spades_4
≡ƒöì σêåτ╗äτ╗ôµ₧£: 4: 1σ╝á, 6: 1σ╝á, 7: 2σ╝á, 8: 2σ╝á
Γ¥î Φ┐₧σ»╣Φ»åσê½σñ▒Φ┤Ñ - 4µ£ë1σ╝áτëî∩╝îΣ╕ìµÿ»σ»╣σ¡É
Γ£à 10.6 µ£ëΣ╕ñΦüöσ»╣+Θó¥σñûσ»╣σ¡Éµù╢∩╝îΣ╕ìΦâ╜τö¿σìòσ╝áΦíÑ∩╝ê8877 6 4∩╝îΣ╕ìσÉêµ│ò∩╝ë
≡ƒöì Φ┐₧σ»╣Φ»åσê½ - Φ╛ôσàÑτëî: spades_J, spades_J, spades_Q, spades_Q, spades_6, spades_4
≡ƒöì σêåτ╗äτ╗ôµ₧£: 4: 1σ╝á, 6: 1σ╝á, J: 2σ╝á, Q: 2σ╝á
Γ¥î Φ┐₧σ»╣Φ»åσê½σñ▒Φ┤Ñ - 4µ£ë1σ╝áτëî∩╝îΣ╕ìµÿ»σ»╣σ¡É
Γ£à 10.7 µ£ëΣ╕ñΦüöσ»╣+Θó¥σñûσ»╣σ¡Éµù╢∩╝îΣ╕ìΦâ╜τö¿σìòσ╝áΦíÑ∩╝êJJQQ 6 4∩╝îΣ╕ìσÉêµ│ò∩╝ë

  σ£║µÖ»4: µ£ëΣ╕ñΦüöσ»╣Σ╜åµùáΘó¥σñûσ»╣σ¡É∩╝îτö¿µ£Çσñºσìòσ╝áΦíÑ
≡ƒöì Φ┐₧σ»╣Φ»åσê½ - Φ╛ôσàÑτëî: spades_Q, spades_Q, spades_J, spades_J, spades_10, spades_9
≡ƒöì σêåτ╗äτ╗ôµ₧£: 9: 1σ╝á, 10: 1σ╝á, Q: 2σ╝á, J: 2σ╝á
Γ¥î Φ┐₧σ»╣Φ»åσê½σñ▒Φ┤Ñ - 9µ£ë1σ╝áτëî∩╝îΣ╕ìµÿ»σ»╣σ¡É
Γ£à 10.8 µ£ëΣ╕ñΦüöσ»╣µùáΘó¥σñûσ»╣σ¡Éµù╢∩╝îσç║Σ╕ñΦüöσ»╣+µ£ÇσñºΣ╕ñσ╝áσìòσ╝á∩╝êQQJJ10 9∩╝îσÉêµ│ò∩╝ë
≡ƒöì Φ┐₧σ»╣Φ»åσê½ - Φ╛ôσàÑτëî: spades_Q, spades_J, spades_10, spades_9, spades_9, spades_8
≡ƒöì σêåτ╗äτ╗ôµ₧£: 8: 1σ╝á, 9: 2σ╝á, 10: 1σ╝á, Q: 1σ╝á, J: 1σ╝á
Γ¥î Φ┐₧σ»╣Φ»åσê½σñ▒Φ┤Ñ - 8µ£ë1σ╝áτëî∩╝îΣ╕ìµÿ»σ»╣σ¡É

  σ£║µÖ»6: µ▓íµ£ëΦ┐₧σ»╣Σ╜åµ£ë3Σ╕¬Σ╗ÑΣ╕èσ»╣σ¡É∩╝îσÅ»Σ╗ÑΣ╗╗µäÅΘÇë3Σ╕¬
≡ƒöì Φ┐₧σ»╣Φ»åσê½ - Φ╛ôσàÑτëî: spades_Q, spades_Q, spades_10, spades_10, spades_8, spades_8
≡ƒöì σêåτ╗äτ╗ôµ₧£: 8: 2σ╝á, 10: 2σ╝á, Q: 2σ╝á
Γ£à σ»╣σ¡É: 8, Φ┐₧τ╗¡σÇ╝: 104, Σ╕╗τëî: false
Γ£à σ»╣σ¡É: 10, Φ┐₧τ╗¡σÇ╝: 106, Σ╕╗τëî: false
Γ£à σ»╣σ¡É: Q, Φ┐₧τ╗¡σÇ╝: 108, Σ╕╗τëî: false
≡ƒöì µÄÆσ║ÅσÉÄτÜäσ»╣σ¡É: 8(104) ΓåÆ 10(106) ΓåÆ Q(108)
≡ƒöì Φ┐₧τ╗¡µÇºµúÇµƒÑ: 8(104) ΓåÆ 10(106), σ╖«σÇ╝: 2
Γ¥î Φ┐₧σ»╣Φ»åσê½σñ▒Φ┤Ñ - τëîσÇ╝Σ╕ìΦ┐₧τ╗¡: σ╖«σÇ╝2
Γ£à 10.9 µ▓íµ£ëΦ┐₧σ»╣Σ╜åµ£ë4Σ╕¬σ»╣σ¡Éµù╢∩╝îσÅ»Σ╗ÑΣ╗╗µäÅΘÇë3Σ╕¬∩╝êQQ 10 10 88∩╝îσÉêµ│ò∩╝ë
≡ƒöì Φ┐₧σ»╣Φ»åσê½ - Φ╛ôσàÑτëî: spades_10, spades_10, spades_8, spades_8, spades_6, spades_6
≡ƒöì σêåτ╗äτ╗ôµ₧£: 6: 2σ╝á, 8: 2σ╝á, 10: 2σ╝á
Γ£à σ»╣σ¡É: 6, Φ┐₧τ╗¡σÇ╝: 102, Σ╕╗τëî: false
Γ£à σ»╣σ¡É: 8, Φ┐₧τ╗¡σÇ╝: 104, Σ╕╗τëî: false
Γ£à σ»╣σ¡É: 10, Φ┐₧τ╗¡σÇ╝: 106, Σ╕╗τëî: false
≡ƒöì µÄÆσ║ÅσÉÄτÜäσ»╣σ¡É: 6(102) ΓåÆ 8(104) ΓåÆ 10(106)
≡ƒöì Φ┐₧τ╗¡µÇºµúÇµƒÑ: 6(102) ΓåÆ 8(104), σ╖«σÇ╝: 2
Γ¥î Φ┐₧σ»╣Φ»åσê½σñ▒Φ┤Ñ - τëîσÇ╝Σ╕ìΦ┐₧τ╗¡: σ╖«σÇ╝2
Γ£à 10.10 µ▓íµ£ëΦ┐₧σ»╣Σ╜åµ£ë4Σ╕¬σ»╣σ¡Éµù╢∩╝îσÅ»Σ╗ÑΣ╗╗µäÅΘÇë3Σ╕¬∩╝ê10 10 88 66∩╝îσÉêµ│ò∩╝ë

  σ£║µÖ»7: σ»╣σ¡ÉΣ╕ìΦ╢│3Σ╕¬∩╝îσ┐àΘí╗σç║µëÇµ£ëσ»╣σ¡É+µ£Çσñºσìòσ╝áΦíÑΘ╜É
≡ƒöì Φ┐₧σ»╣Φ»åσê½ - Φ╛ôσàÑτëî: spades_8, spades_8, spades_7, spades_6, spades_4, spades_4
≡ƒöì σêåτ╗äτ╗ôµ₧£: 4: 2σ╝á, 6: 1σ╝á, 7: 1σ╝á, 8: 2σ╝á
Γ£à σ»╣σ¡É: 4, Φ┐₧τ╗¡σÇ╝: 100, Σ╕╗τëî: false
Γ¥î Φ┐₧σ»╣Φ»åσê½σñ▒Φ┤Ñ - 6µ£ë1σ╝áτëî∩╝îΣ╕ìµÿ»σ»╣σ¡É
≡ƒöì Φ┐₧σ»╣Φ»åσê½ - Φ╛ôσàÑτëî: spades_8, spades_8, spades_J, spades_7, spades_6, spades_4
≡ƒöì σêåτ╗äτ╗ôµ₧£: 4: 1σ╝á, 6: 1σ╝á, 7: 1σ╝á, 8: 2σ╝á, J: 1σ╝á
Γ¥î Φ┐₧σ»╣Φ»åσê½σñ▒Φ┤Ñ - 4µ£ë1σ╝áτëî∩╝îΣ╕ìµÿ»σ»╣σ¡É
Γ£à 10.11 σÅ¬µ£ë1σ»╣µù╢∩╝îσç║µëÇµ£ëσ»╣σ¡É+µ£Çσñº4σ╝áσìòσ╝á∩╝ê88 J764∩╝îσÉêµ│ò∩╝ë

========== µ╡ïΦ»ò11: Φ╛╣τòîµâàσå╡ ==========
Γ£à 10.1 σç║τëîµò░ΘçÅΣ╕ìσî╣Θàì∩╝êΣ╕ìσÉêµ│ò∩╝ë
Γ£à 10.2 τ⌐║µëïτëîΘ¬îΦ»ü


ΓòöΓòÉΓòÉΓòÉΓòÉΓòÉΓòÉΓòÉΓòÉΓòÉΓòÉΓòÉΓòÉΓòÉΓòÉΓòÉΓòÉΓòÉΓòÉΓòÉΓòÉΓòÉΓòÉΓòÉΓòÉΓòÉΓòÉΓòÉΓòÉΓòÉΓòÉΓòÉΓòÉΓòÉΓòÉΓòÉΓòÉΓòÉΓòÉΓòÉΓòÉΓòÉΓòÉΓòÉΓòÉΓòÉΓòÉΓòÉΓòÉΓòù
Γòæ  µ╡ïΦ»òµÇ╗τ╗ô                                      Γòæ
ΓòÜΓòÉΓòÉΓòÉΓòÉΓòÉΓòÉΓòÉΓòÉΓòÉΓòÉΓòÉΓòÉΓòÉΓòÉΓòÉΓòÉΓòÉΓòÉΓòÉΓòÉΓòÉΓòÉΓòÉΓòÉΓòÉΓòÉΓòÉΓòÉΓòÉΓòÉΓòÉΓòÉΓòÉΓòÉΓòÉΓòÉΓòÉΓòÉΓòÉΓòÉΓòÉΓòÉΓòÉΓòÉΓòÉΓòÉΓòÉΓòÉΓò¥

µÇ╗µ╡ïΦ»òµò░: 39
Γ£à ΘÇÜΦ┐ç: 39
Γ¥î σñ▒Φ┤Ñ: 0
ΘÇÜΦ┐çτÄç: 100.00%

