╔════════════════════════════════════════════════╗
║  山东升级 - 跟牌和甩牌测试报告                ║
╚════════════════════════════════════════════════╝

测试时间: 2025/10/14 12:11:59
测试环境: Node.js v20.18.0

测试结果:
━━━━━━━━━━━━━━━━━━━━━━━━━━━━━━━━━━━━━━━━━━━━━━━
总测试数: 28
✅ 通过: 28
❌ 失败: 0
通过率: 100.00%
━━━━━━━━━━━━━━━━━━━━━━━━━━━━━━━━━━━━━━━━━━━━━━━

详细测试结果:

1. ✅ 1.1 有花色时可以出任意同花色单张

2. ✅ 1.2 有花色时不能出其他花色

3. ✅ 2.1 有对子时出对子（合法）

4. ✅ 2.2 有对子时不能出两张单张

5. ✅ 2.3 没有对子时出两张最大的单张（合法）

6. ✅ 2.4 没有对子时不能出非最大的单张

7. ✅ 3.1 大王是主牌

8. ✅ 3.2 小王是主牌

9. ✅ 3.3 主花色的级牌是主牌

10. ✅ 3.4 副花色的级牌也是主牌

11. ✅ 3.5 常主3是主牌

12. ✅ 3.6 常主5是主牌

13. ✅ 3.7 主花色K是主牌

14. ✅ 3.8 副花色K不是主牌

15. ✅ 4.1 牌数不够时允许垫牌（混合花色）

16. ✅ 4.2 没有该花色时可以出任意牌

17. ✅ 5.1 领出副牌时不能用主牌跟（有副牌时）

18. ✅ 5.2 领出副牌时不能出常主

19. ✅ 5.3 领出副牌时必须跟副牌

20. ✅ 6.1 没有副牌时可以用主牌杀

21. ✅ 7.1 有连对时出连对（合法）

22. ✅ 7.2 有1对但需要2对时，出1对+2张最大单张（合法）

23. ✅ 7.3 没有对子时出4张最大单张（合法）

24. ✅ 8.1 甩牌成功（其他玩家没有更大的牌）

25. ✅ 8.2 甩牌被否定（有玩家有更大的单张）

26. ✅ 9.1 跟甩牌（对+单）时出对+单（合法）

27. ✅ 10.1 出牌数量不匹配（不合法）

28. ✅ 10.2 空手牌验证

